------------------------------------------------------------
TimeQuest Timing Analyzer Summary
------------------------------------------------------------

Type  : Slow 1200mV 85C Model Setup 'ClkGen:cg|clk_8'
Slack : -1.443
TNS   : -7.762

Type  : Slow 1200mV 85C Model Setup 'sys_clk'
Slack : -0.979
TNS   : -2.609

Type  : Slow 1200mV 85C Model Hold 'sys_clk'
Slack : -0.072
TNS   : -0.072

Type  : Slow 1200mV 85C Model Hold 'ClkGen:cg|clk_8'
Slack : 0.458
TNS   : 0.000

Type  : Slow 1200mV 85C Model Minimum Pulse Width 'sys_clk'
Slack : -3.000
TNS   : -10.435

Type  : Slow 1200mV 85C Model Minimum Pulse Width 'ClkGen:cg|clk_8'
Slack : -1.487
TNS   : -11.896

Type  : Slow 1200mV 0C Model Setup 'ClkGen:cg|clk_8'
Slack : -1.230
TNS   : -6.442

Type  : Slow 1200mV 0C Model Setup 'sys_clk'
Slack : -0.842
TNS   : -2.068

Type  : Slow 1200mV 0C Model Hold 'sys_clk'
Slack : 0.017
TNS   : 0.000

Type  : Slow 1200mV 0C Model Hold 'ClkGen:cg|clk_8'
Slack : 0.412
TNS   : 0.000

Type  : Slow 1200mV 0C Model Minimum Pulse Width 'sys_clk'
Slack : -3.000
TNS   : -10.435

Type  : Slow 1200mV 0C Model Minimum Pulse Width 'ClkGen:cg|clk_8'
Slack : -1.487
TNS   : -11.896

Type  : Fast 1200mV 0C Model Setup 'ClkGen:cg|clk_8'
Slack : -0.019
TNS   : -0.019

Type  : Fast 1200mV 0C Model Setup 'sys_clk'
Slack : 0.141
TNS   : 0.000

Type  : Fast 1200mV 0C Model Hold 'sys_clk'
Slack : -0.252
TNS   : -0.252

Type  : Fast 1200mV 0C Model Hold 'ClkGen:cg|clk_8'
Slack : 0.190
TNS   : 0.000

Type  : Fast 1200mV 0C Model Minimum Pulse Width 'sys_clk'
Slack : -3.000
TNS   : -8.280

Type  : Fast 1200mV 0C Model Minimum Pulse Width 'ClkGen:cg|clk_8'
Slack : -1.000
TNS   : -8.000

------------------------------------------------------------
